// Vitest Snapshot v1, https://vitest.dev/guide/snapshot.html

exports[`expect.soft tracks errors across successes for toMatchSnapshot 1`] = `"I have a matching snapshot"`;

exports[`expect.soft tracks errors across successes for toMatchSnapshot 3`] = `"I also have a matching snapshot"`;

exports[`expect.soft tracks errors across successes for toMatchSnapshot 5`] = `"Yet another matching snapshot"`;

exports[`expect.soft tracks errors for matchSnapshot 2`] = `"I also have a matching snapshot"`;

exports[`expect.soft tracks errors for toMatchFileSnapshot 2`] = `"Another matching snapshot"`;

exports[`expect.soft tracks errors for toThrowErrorMatchingSnapshot 1`] = `"Yet another matching snapshot"`;
