// Vitest Snapshot v1, https://vitest.dev/guide/snapshot.html

exports[`default reporter > normal 1`] = `
"
 · default/b1.test.ts (13)
 · default/b2.test.ts (13)
 ❯ default/b1.test.ts (13)
   ✓ b1 passed (6)
   ❯ b1 failed (7)
     ✓ b1 test
     ✓ b2 test
     ✓ b3 test
     × b failed test
     ✓ nested b (3)
 ❯ default/b2.test.ts (13)
   ✓ b2 passed (6)
   ❯ b2 failed (7)
     ✓ b1 test
     ✓ b2 test
     ✓ b3 test
     × b failed test
     ✓ nested b (3)

 Test Files  2 failed (2)
      Tests  2 failed | 24 passed (26)"
`;

exports[`default reporter > show full test suite when only one file 1`] = `
"
 ❯ default/a.test.ts (13)
   ✓ a passed (6)
     ✓ a1 test
     ✓ a2 test
     ✓ a3 test
     ✓ nested a (3)
       ✓ nested a1 test
       ✓ nested a2 test
       ✓ nested a3 test
   ❯ a failed (7)
     ✓ a1 test
     ✓ a2 test
     ✓ a3 test
     × a failed test
     ✓ nested a (3)
       ✓ nested a1 test
       ✓ nested a2 test
       ✓ nested a3 test
 ❯ default/a.test.ts (13)
   ✓ a passed (6)
     ✓ a1 test
     ✓ a2 test
     ✓ a3 test
     ✓ nested a (3)
       ✓ nested a1 test
       ✓ nested a2 test
       ✓ nested a3 test
   ❯ a failed (7)
     ✓ a1 test
     ✓ a2 test
     ✓ a3 test
     × a failed test
     ✓ nested a (3)
       ✓ nested a1 test
       ✓ nested a2 test
       ✓ nested a3 test

 Test Files  1 failed (1)
      Tests  1 failed | 12 passed (13)"
`;
