// Vitest Snapshot v1

exports[`should fails > should fails 1`] = `
[
  "logTask....",
  "{",
  "  \\"numTotalTestSuites\\": 1,",
  "  \\"numPassedTestSuites\\": 1,",
  "  \\"numFailedTestSuites\\": 0,",
  "  \\"numPendingTestSuites\\": 0,",
  "  \\"numTotalTests\\": 1,",
  "  \\"numPassedTests\\": 0,",
  "  \\"numFailedTests\\": 1,",
  "  \\"numPendingTests\\": 0,",
  "  \\"numTodoTests\\": 0,",
  "",
  "  \\"success\\": false,",
  "  \\"testResults\\": [",
  "    {",
  "      \\"assertionResults\\": [",
  "        {",
  "          \\"ancestorTitles\\": [",
  "            \\"\\"",
  "          ],",
  "          \\"fullName\\": \\" should fail\\",",
  "          \\"status\\": \\"failed\\",",
  "          \\"title\\": \\"should fail\\",",
  "",
  "          \\"failureMessages\\": [",
  "            \\"expected 2 to deeply equal 1\\"",
  "          ],",
  "          \\"location\\": {",
  "            \\"line\\": 5,",
  "            \\"column\\": 12",
  "          }",
  "        }",
  "      ],",
  "",
  "",
  "      \\"status\\": \\"failed\\",",
  "      \\"message\\": \\"\\",",
  "      \\"name\\": \\"C:/projects/Github/vitest/test/reporters/fixtures/expect.test.ts\\"",
  "    }",
  "  ]",
  "}",
]
`;
