// Vitest Snapshot v1, https://vitest.dev/guide/snapshot.html

exports[`should fail .dot-folder/dot-test.test.ts > .dot-folder/dot-test.test.ts 1`] = `"AssertionError: expected true to be false // Object.is equality"`;

exports[`should fail each-timeout.test.ts > each-timeout.test.ts 1`] = `"Error: Test timed out in 10ms."`;

exports[`should fail empty.test.ts > empty.test.ts 1`] = `"Error: No test suite found in file <rootDir>/empty.test.ts"`;

exports[`should fail expect.test.ts > expect.test.ts 1`] = `"AssertionError: expected 2 to deeply equal 3"`;

exports[`should fail expect-soft.test.ts > expect-soft.test.ts 1`] = `"Error: expect.soft() can only be used inside a test"`;

exports[`should fail expect-unreachable.test.ts > expect-unreachable.test.ts 1`] = `"AssertionError: expected "hi" not to be reached"`;

exports[`should fail hook-timeout.test.ts > hook-timeout.test.ts 1`] = `"Error: Hook timed out in 10ms."`;

exports[`should fail hooks-called.test.ts > hooks-called.test.ts 1`] = `
"Error: after all
Error: before all"
`;

exports[`should fail inline-snapshop-inside-each.test.ts > inline-snapshop-inside-each.test.ts 1`] = `
"Error: InlineSnapshot cannot be used inside of test.each or describe.each
Error: InlineSnapshot cannot be used inside of test.each or describe.each
Error: InlineSnapshot cannot be used inside of test.each or describe.each
Error: InlineSnapshot cannot be used inside of test.each or describe.each
Error: InlineSnapshot cannot be used inside of test.each or describe.each"
`;

exports[`should fail mock-import-proxy-module.test.ts > mock-import-proxy-module.test.ts 1`] = `"Error: There are some problems in resolving the mocks API."`;

exports[`should fail nested-suite.test.ts > nested-suite.test.ts 1`] = `"AssertionError: expected true to be false // Object.is equality"`;

exports[`should fail primitive-error.test.ts > primitive-error.test.ts 1`] = `"Unknown Error: 42"`;

exports[`should fail stall.test.ts > stall.test.ts 1`] = `
"TypeError: failure
TypeError: failure
TypeError: failure
TypeError: failure"
`;

exports[`should fail test-extend/circular-dependency.test.ts > test-extend/circular-dependency.test.ts 1`] = `"Error: Circular fixture dependency detected: a <- b <- a"`;

exports[`should fail test-extend/fixture-error.test.ts > test-extend/fixture-error.test.ts 1`] = `
"Error: Error fixture teardown
Error: Test timed out in 20ms.
Error: Error thrown in test fixture
Error: Error thrown in afterEach fixture
Error: Error thrown in beforeEach fixture"
`;

exports[`should fail test-extend/fixture-rest-params.test.ts > test-extend/fixture-rest-params.test.ts 1`] = `"Error: The first argument inside a fixture must use object destructuring pattern, e.g. ({ test } => {}). Instead, received "...rest"."`;

exports[`should fail test-extend/fixture-rest-props.test.ts > test-extend/fixture-rest-props.test.ts 1`] = `"Error: Rest parameters are not supported in fixtures, received "...rest"."`;

exports[`should fail test-extend/fixture-without-destructuring.test.ts > test-extend/fixture-without-destructuring.test.ts 1`] = `"Error: The first argument inside a fixture must use object destructuring pattern, e.g. ({ test } => {}). Instead, received "context"."`;

exports[`should fail test-extend/test-rest-params.test.ts > test-extend/test-rest-params.test.ts 1`] = `"Error: The first argument inside a fixture must use object destructuring pattern, e.g. ({ test } => {}). Instead, received "...rest"."`;

exports[`should fail test-extend/test-rest-props.test.ts > test-extend/test-rest-props.test.ts 1`] = `"Error: Rest parameters are not supported in fixtures, received "...rest"."`;

exports[`should fail test-extend/test-without-destructuring.test.ts > test-extend/test-without-destructuring.test.ts 1`] = `"Error: The first argument inside a fixture must use object destructuring pattern, e.g. ({ test } => {}). Instead, received "context"."`;

exports[`should fail test-timeout.test.ts > test-timeout.test.ts 1`] = `
"Error: Test timed out in 200ms.
Error: Test timed out in 100ms.
Error: Test timed out in 10ms."
`;

exports[`should fail unhandled.test.ts > unhandled.test.ts 1`] = `
"Error: some error
Error: Uncaught [Error: some error]"
`;
