// Vitest Snapshot v1, https://vitest.dev/guide/snapshot.html

exports[`checkbox states 1`] = `
- checkbox "Accept terms" [checked]
- checkbox "Select all" [checked=mixed]
`;

exports[`expect(element) - capture from DOM element 1`] = `
- main:
  - heading [level=1]: Dashboard
  - navigation "Actions":
    - button: Save
    - button: Cancel
`;

exports[`form with labelled inputs 1`] = `
- form:
  - text: Username
  - textbox "Username"
  - button: Log in
`;

exports[`navigation with links 1`] = `
- navigation "Main":
  - list:
    - listitem:
      - link: Home
    - listitem:
      - link: About
    - listitem:
      - link: Contact
`;

exports[`semantic match with regex in snapshot 1`] = `
- button "User 42": Profile
- paragraph: You have 7 notifications
`;

exports[`simple heading and paragraph 1`] = `
- heading [level=1]: Hello World
- paragraph: Some description
`;
