// Vitest Snapshot v1, https://vitest.dev/guide/snapshot.html

exports[`completions 2`] = `
{
  "to": [
    "toExponential",
    "toFixed",
    "toLocaleString",
    "toPrecision",
    "toString",
  ],
}
`;

exports[`file snapshot 1`] = `number`;

exports[`file snapshot 2`] = `(precision?: number | undefined) => string`;

exports[`type error 2`] = `The left-hand side of an arithmetic operation must be of type 'any', 'number', 'bigint' or an enum type.`;
