// Vitest Snapshot v1, https://vitest.dev/guide/snapshot.html

exports[`v8 json report 1`] = `
{
  "<process-cwd>/src/Counter/Counter.component.ts": {
    "all": false,
    "b": {
      "0": [
        1,
      ],
      "1": [
        2,
      ],
    },
    "branchMap": {
      "0": {
        "line": 6,
        "loc": {
          "end": {
            "column": 4,
            "line": 9,
          },
          "start": {
            "column": 2,
            "line": 6,
          },
        },
        "locations": [
          {
            "end": {
              "column": 4,
              "line": 9,
            },
            "start": {
              "column": 2,
              "line": 6,
            },
          },
        ],
        "type": "branch",
      },
      "1": {
        "line": 16,
        "loc": {
          "end": {
            "column": 6,
            "line": 18,
          },
          "start": {
            "column": 4,
            "line": 16,
          },
        },
        "locations": [
          {
            "end": {
              "column": 6,
              "line": 18,
            },
            "start": {
              "column": 4,
              "line": 16,
            },
          },
        ],
        "type": "branch",
      },
    },
    "f": {
      "0": 1,
      "1": 0,
      "2": 2,
      "3": 0,
    },
    "fnMap": {
      "0": {
        "decl": {
          "end": {
            "column": 4,
            "line": 9,
          },
          "start": {
            "column": 2,
            "line": 6,
          },
        },
        "line": 6,
        "loc": {
          "end": {
            "column": 4,
            "line": 9,
          },
          "start": {
            "column": 2,
            "line": 6,
          },
        },
        "name": "setup",
      },
      "1": {
        "decl": {
          "end": {
            "column": 6,
            "line": 14,
          },
          "start": {
            "column": 4,
            "line": 12,
          },
        },
        "line": 12,
        "loc": {
          "end": {
            "column": 6,
            "line": 14,
          },
          "start": {
            "column": 4,
            "line": 12,
          },
        },
        "name": "uncoveredMethod",
      },
      "2": {
        "decl": {
          "end": {
            "column": 6,
            "line": 18,
          },
          "start": {
            "column": 4,
            "line": 16,
          },
        },
        "line": 16,
        "loc": {
          "end": {
            "column": 6,
            "line": 18,
          },
          "start": {
            "column": 4,
            "line": 16,
          },
        },
        "name": "coveredMethod",
      },
      "3": {
        "decl": {
          "end": {
            "column": 6,
            "line": 22,
          },
          "start": {
            "column": 4,
            "line": 20,
          },
        },
        "line": 20,
        "loc": {
          "end": {
            "column": 6,
            "line": 22,
          },
          "start": {
            "column": 4,
            "line": 20,
          },
        },
        "name": "uncoveredMethodUsingImportMeta",
      },
    },
    "path": "<process-cwd>/src/Counter/Counter.component.ts",
    "s": {
      "0": 1,
      "1": 1,
      "10": 1,
      "11": 1,
      "12": 0,
      "13": 0,
      "14": 1,
      "15": 1,
      "16": 2,
      "17": 2,
      "18": 1,
      "19": 1,
      "2": 1,
      "20": 0,
      "21": 0,
      "22": 1,
      "23": 1,
      "3": 1,
      "4": 1,
      "5": 1,
      "6": 1,
      "7": 1,
      "8": 1,
      "9": 1,
    },
    "statementMap": {
      "0": {
        "end": {
          "column": 42,
          "line": 1,
        },
        "start": {
          "column": 0,
          "line": 1,
        },
      },
      "1": {
        "end": {
          "column": 0,
          "line": 2,
        },
        "start": {
          "column": 0,
          "line": 2,
        },
      },
      "10": {
        "end": {
          "column": 12,
          "line": 11,
        },
        "start": {
          "column": 0,
          "line": 11,
        },
      },
      "11": {
        "end": {
          "column": 23,
          "line": 12,
        },
        "start": {
          "column": 0,
          "line": 12,
        },
      },
      "12": {
        "end": {
          "column": 46,
          "line": 13,
        },
        "start": {
          "column": 0,
          "line": 13,
        },
      },
      "13": {
        "end": {
          "column": 6,
          "line": 14,
        },
        "start": {
          "column": 0,
          "line": 14,
        },
      },
      "14": {
        "end": {
          "column": 0,
          "line": 15,
        },
        "start": {
          "column": 0,
          "line": 15,
        },
      },
      "15": {
        "end": {
          "column": 21,
          "line": 16,
        },
        "start": {
          "column": 0,
          "line": 16,
        },
      },
      "16": {
        "end": {
          "column": 42,
          "line": 17,
        },
        "start": {
          "column": 0,
          "line": 17,
        },
      },
      "17": {
        "end": {
          "column": 6,
          "line": 18,
        },
        "start": {
          "column": 0,
          "line": 18,
        },
      },
      "18": {
        "end": {
          "column": 0,
          "line": 19,
        },
        "start": {
          "column": 0,
          "line": 19,
        },
      },
      "19": {
        "end": {
          "column": 38,
          "line": 20,
        },
        "start": {
          "column": 0,
          "line": 20,
        },
      },
      "2": {
        "end": {
          "column": 32,
          "line": 3,
        },
        "start": {
          "column": 0,
          "line": 3,
        },
      },
      "20": {
        "end": {
          "column": 94,
          "line": 21,
        },
        "start": {
          "column": 0,
          "line": 21,
        },
      },
      "21": {
        "end": {
          "column": 6,
          "line": 22,
        },
        "start": {
          "column": 0,
          "line": 22,
        },
      },
      "22": {
        "end": {
          "column": 4,
          "line": 23,
        },
        "start": {
          "column": 0,
          "line": 23,
        },
      },
      "23": {
        "end": {
          "column": 2,
          "line": 24,
        },
        "start": {
          "column": 0,
          "line": 24,
        },
      },
      "3": {
        "end": {
          "column": 18,
          "line": 4,
        },
        "start": {
          "column": 0,
          "line": 4,
        },
      },
      "4": {
        "end": {
          "column": 0,
          "line": 5,
        },
        "start": {
          "column": 0,
          "line": 5,
        },
      },
      "5": {
        "end": {
          "column": 11,
          "line": 6,
        },
        "start": {
          "column": 0,
          "line": 6,
        },
      },
      "6": {
        "end": {
          "column": 24,
          "line": 7,
        },
        "start": {
          "column": 0,
          "line": 7,
        },
      },
      "7": {
        "end": {
          "column": 20,
          "line": 8,
        },
        "start": {
          "column": 0,
          "line": 8,
        },
      },
      "8": {
        "end": {
          "column": 4,
          "line": 9,
        },
        "start": {
          "column": 0,
          "line": 9,
        },
      },
      "9": {
        "end": {
          "column": 0,
          "line": 10,
        },
        "start": {
          "column": 0,
          "line": 10,
        },
      },
    },
  },
  "<process-cwd>/src/Counter/Counter.vue": {
    "all": false,
    "b": {
      "0": [
        1,
      ],
      "1": [
        1,
      ],
    },
    "branchMap": {
      "0": {
        "line": 8,
        "loc": {
          "end": {
            "column": 25,
            "line": 8,
          },
          "start": {
            "column": 18,
            "line": 8,
          },
        },
        "locations": [
          {
            "end": {
              "column": 25,
              "line": 8,
            },
            "start": {
              "column": 18,
              "line": 8,
            },
          },
        ],
        "type": "branch",
      },
      "1": {
        "line": 8,
        "loc": {
          "end": {
            "column": 25,
            "line": 8,
          },
          "start": {
            "column": 18,
            "line": 8,
          },
        },
        "locations": [
          {
            "end": {
              "column": 25,
              "line": 8,
            },
            "start": {
              "column": 18,
              "line": 8,
            },
          },
        ],
        "type": "branch",
      },
    },
    "f": {
      "0": 1,
    },
    "fnMap": {
      "0": {
        "decl": {
          "end": {
            "column": 25,
            "line": 8,
          },
          "start": {
            "column": 18,
            "line": 8,
          },
        },
        "line": 8,
        "loc": {
          "end": {
            "column": 25,
            "line": 8,
          },
          "start": {
            "column": 18,
            "line": 8,
          },
        },
        "name": "__vite_ssr_import_1__.createElementBlock.__vite_ssr_import_1__.createElementVNode.onClick._cache.<computed>._cache.<computed>",
      },
    },
    "path": "<process-cwd>/src/Counter/Counter.vue",
    "s": {
      "0": 1,
      "1": 1,
      "10": 1,
      "11": 1,
      "12": 1,
      "13": 1,
      "2": 1,
      "3": 1,
      "4": 1,
      "5": 1,
      "6": 1,
      "7": 1,
      "8": 1,
      "9": 1,
    },
    "statementMap": {
      "0": {
        "end": {
          "column": 56,
          "line": 1,
        },
        "start": {
          "column": 0,
          "line": 1,
        },
      },
      "1": {
        "end": {
          "column": 0,
          "line": 2,
        },
        "start": {
          "column": 0,
          "line": 2,
        },
      },
      "10": {
        "end": {
          "column": 14,
          "line": 11,
        },
        "start": {
          "column": 0,
          "line": 11,
        },
      },
      "11": {
        "end": {
          "column": 25,
          "line": 12,
        },
        "start": {
          "column": 0,
          "line": 12,
        },
      },
      "12": {
        "end": {
          "column": 8,
          "line": 13,
        },
        "start": {
          "column": 0,
          "line": 13,
        },
      },
      "13": {
        "end": {
          "column": 11,
          "line": 14,
        },
        "start": {
          "column": 0,
          "line": 14,
        },
      },
      "2": {
        "end": {
          "column": 10,
          "line": 3,
        },
        "start": {
          "column": 0,
          "line": 3,
        },
      },
      "3": {
        "end": {
          "column": 27,
          "line": 4,
        },
        "start": {
          "column": 0,
          "line": 4,
        },
      },
      "4": {
        "end": {
          "column": 15,
          "line": 5,
        },
        "start": {
          "column": 0,
          "line": 5,
        },
      },
      "5": {
        "end": {
          "column": 11,
          "line": 6,
        },
        "start": {
          "column": 0,
          "line": 6,
        },
      },
      "6": {
        "end": {
          "column": 0,
          "line": 7,
        },
        "start": {
          "column": 0,
          "line": 7,
        },
      },
      "7": {
        "end": {
          "column": 25,
          "line": 8,
        },
        "start": {
          "column": 0,
          "line": 8,
        },
      },
      "8": {
        "end": {
          "column": 27,
          "line": 9,
        },
        "start": {
          "column": 0,
          "line": 9,
        },
      },
      "9": {
        "end": {
          "column": 8,
          "line": 10,
        },
        "start": {
          "column": 0,
          "line": 10,
        },
      },
    },
  },
  "<process-cwd>/src/Counter/index.ts": {
    "all": false,
    "b": {},
    "branchMap": {},
    "f": {},
    "fnMap": {},
    "path": "<process-cwd>/src/Counter/index.ts",
    "s": {
      "0": 1,
      "1": 1,
      "2": 1,
    },
    "statementMap": {
      "0": {
        "end": {
          "column": 38,
          "line": 1,
        },
        "start": {
          "column": 0,
          "line": 1,
        },
      },
      "1": {
        "end": {
          "column": 0,
          "line": 2,
        },
        "start": {
          "column": 0,
          "line": 2,
        },
      },
      "2": {
        "end": {
          "column": 21,
          "line": 3,
        },
        "start": {
          "column": 0,
          "line": 3,
        },
      },
    },
  },
  "<process-cwd>/src/Defined.vue": {
    "all": false,
    "b": {
      "0": [
        0,
      ],
    },
    "branchMap": {
      "0": {
        "line": 6,
        "loc": {
          "end": {
            "column": 36,
            "line": 8,
          },
          "start": {
            "column": 33,
            "line": 6,
          },
        },
        "locations": [
          {
            "end": {
              "column": 36,
              "line": 8,
            },
            "start": {
              "column": 33,
              "line": 6,
            },
          },
        ],
        "type": "branch",
      },
    },
    "f": {},
    "fnMap": {},
    "path": "<process-cwd>/src/Defined.vue",
    "s": {
      "0": 1,
      "1": 1,
      "10": 1,
      "11": 1,
      "12": 1,
      "13": 1,
      "14": 1,
      "15": 1,
      "16": 1,
      "17": 1,
      "18": 1,
      "19": 1,
      "2": 1,
      "3": 1,
      "4": 1,
      "5": 1,
      "6": 0,
      "7": 0,
      "8": 1,
      "9": 1,
    },
    "statementMap": {
      "0": {
        "end": {
          "column": 24,
          "line": 1,
        },
        "start": {
          "column": 0,
          "line": 1,
        },
      },
      "1": {
        "end": {
          "column": 27,
          "line": 2,
        },
        "start": {
          "column": 0,
          "line": 2,
        },
      },
      "10": {
        "end": {
          "column": 10,
          "line": 11,
        },
        "start": {
          "column": 0,
          "line": 11,
        },
      },
      "11": {
        "end": {
          "column": 15,
          "line": 12,
        },
        "start": {
          "column": 0,
          "line": 12,
        },
      },
      "12": {
        "end": {
          "column": 11,
          "line": 13,
        },
        "start": {
          "column": 0,
          "line": 13,
        },
      },
      "13": {
        "end": {
          "column": 0,
          "line": 14,
        },
        "start": {
          "column": 0,
          "line": 14,
        },
      },
      "14": {
        "end": {
          "column": 90,
          "line": 15,
        },
        "start": {
          "column": 0,
          "line": 15,
        },
      },
      "15": {
        "end": {
          "column": 25,
          "line": 16,
        },
        "start": {
          "column": 0,
          "line": 16,
        },
      },
      "16": {
        "end": {
          "column": 6,
          "line": 17,
        },
        "start": {
          "column": 0,
          "line": 17,
        },
      },
      "17": {
        "end": {
          "column": 25,
          "line": 18,
        },
        "start": {
          "column": 0,
          "line": 18,
        },
      },
      "18": {
        "end": {
          "column": 1,
          "line": 19,
        },
        "start": {
          "column": 0,
          "line": 19,
        },
      },
      "19": {
        "end": {
          "column": 8,
          "line": 20,
        },
        "start": {
          "column": 0,
          "line": 20,
        },
      },
      "2": {
        "end": {
          "column": 0,
          "line": 3,
        },
        "start": {
          "column": 0,
          "line": 3,
        },
      },
      "3": {
        "end": {
          "column": 31,
          "line": 4,
        },
        "start": {
          "column": 0,
          "line": 4,
        },
      },
      "4": {
        "end": {
          "column": 12,
          "line": 5,
        },
        "start": {
          "column": 0,
          "line": 5,
        },
      },
      "5": {
        "end": {
          "column": 34,
          "line": 6,
        },
        "start": {
          "column": 0,
          "line": 6,
        },
      },
      "6": {
        "end": {
          "column": 4,
          "line": 7,
        },
        "start": {
          "column": 0,
          "line": 7,
        },
      },
      "7": {
        "end": {
          "column": 36,
          "line": 8,
        },
        "start": {
          "column": 0,
          "line": 8,
        },
      },
      "8": {
        "end": {
          "column": 9,
          "line": 9,
        },
        "start": {
          "column": 0,
          "line": 9,
        },
      },
      "9": {
        "end": {
          "column": 0,
          "line": 10,
        },
        "start": {
          "column": 0,
          "line": 10,
        },
      },
    },
  },
  "<process-cwd>/src/Hello.vue": {
    "all": false,
    "b": {
      "0": [
        3,
      ],
    },
    "branchMap": {
      "0": {
        "line": 7,
        "loc": {
          "end": {
            "column": 55,
            "line": 7,
          },
          "start": {
            "column": 24,
            "line": 7,
          },
        },
        "locations": [
          {
            "end": {
              "column": 55,
              "line": 7,
            },
            "start": {
              "column": 24,
              "line": 7,
            },
          },
        ],
        "type": "branch",
      },
    },
    "f": {},
    "fnMap": {},
    "path": "<process-cwd>/src/Hello.vue",
    "s": {
      "0": 1,
      "1": 1,
      "10": 1,
      "11": 1,
      "12": 1,
      "13": 1,
      "14": 1,
      "15": 1,
      "16": 1,
      "2": 1,
      "3": 1,
      "4": 1,
      "5": 1,
      "6": 1,
      "7": 1,
      "8": 1,
      "9": 1,
    },
    "statementMap": {
      "0": {
        "end": {
          "column": 24,
          "line": 1,
        },
        "start": {
          "column": 0,
          "line": 1,
        },
      },
      "1": {
        "end": {
          "column": 35,
          "line": 2,
        },
        "start": {
          "column": 0,
          "line": 2,
        },
      },
      "10": {
        "end": {
          "column": 0,
          "line": 11,
        },
        "start": {
          "column": 0,
          "line": 11,
        },
      },
      "11": {
        "end": {
          "column": 10,
          "line": 12,
        },
        "start": {
          "column": 0,
          "line": 12,
        },
      },
      "12": {
        "end": {
          "column": 53,
          "line": 13,
        },
        "start": {
          "column": 0,
          "line": 13,
        },
      },
      "13": {
        "end": {
          "column": 30,
          "line": 14,
        },
        "start": {
          "column": 0,
          "line": 14,
        },
      },
      "14": {
        "end": {
          "column": 6,
          "line": 15,
        },
        "start": {
          "column": 0,
          "line": 15,
        },
      },
      "15": {
        "end": {
          "column": 11,
          "line": 16,
        },
        "start": {
          "column": 0,
          "line": 16,
        },
      },
      "16": {
        "end": {
          "column": 11,
          "line": 17,
        },
        "start": {
          "column": 0,
          "line": 17,
        },
      },
      "2": {
        "end": {
          "column": 0,
          "line": 3,
        },
        "start": {
          "column": 0,
          "line": 3,
        },
      },
      "3": {
        "end": {
          "column": 46,
          "line": 4,
        },
        "start": {
          "column": 0,
          "line": 4,
        },
      },
      "4": {
        "end": {
          "column": 0,
          "line": 5,
        },
        "start": {
          "column": 0,
          "line": 5,
        },
      },
      "5": {
        "end": {
          "column": 20,
          "line": 6,
        },
        "start": {
          "column": 0,
          "line": 6,
        },
      },
      "6": {
        "end": {
          "column": 56,
          "line": 7,
        },
        "start": {
          "column": 0,
          "line": 7,
        },
      },
      "7": {
        "end": {
          "column": 0,
          "line": 8,
        },
        "start": {
          "column": 0,
          "line": 8,
        },
      },
      "8": {
        "end": {
          "column": 19,
          "line": 9,
        },
        "start": {
          "column": 0,
          "line": 9,
        },
      },
      "9": {
        "end": {
          "column": 9,
          "line": 10,
        },
        "start": {
          "column": 0,
          "line": 10,
        },
      },
    },
  },
  "<process-cwd>/src/dynamic-file-cjs.ignore.cjs": {
    "all": false,
    "b": {
      "0": [
        1,
      ],
      "1": [
        1,
      ],
    },
    "branchMap": {
      "0": {
        "line": 1,
        "loc": {
          "end": {
            "column": 141,
            "line": 1,
          },
          "start": {
            "column": 0,
            "line": 1,
          },
        },
        "locations": [
          {
            "end": {
              "column": 141,
              "line": 1,
            },
            "start": {
              "column": 0,
              "line": 1,
            },
          },
        ],
        "type": "branch",
      },
      "1": {
        "line": 1,
        "loc": {
          "end": {
            "column": 117,
            "line": 1,
          },
          "start": {
            "column": 75,
            "line": 1,
          },
        },
        "locations": [
          {
            "end": {
              "column": 117,
              "line": 1,
            },
            "start": {
              "column": 75,
              "line": 1,
            },
          },
        ],
        "type": "branch",
      },
    },
    "f": {
      "0": 1,
      "1": 0,
    },
    "fnMap": {
      "0": {
        "decl": {
          "end": {
            "column": 117,
            "line": 1,
          },
          "start": {
            "column": 75,
            "line": 1,
          },
        },
        "line": 1,
        "loc": {
          "end": {
            "column": 117,
            "line": 1,
          },
          "start": {
            "column": 75,
            "line": 1,
          },
        },
        "name": "run",
      },
      "1": {
        "decl": {
          "end": {
            "column": 141,
            "line": 1,
          },
          "start": {
            "column": 118,
            "line": 1,
          },
        },
        "line": 1,
        "loc": {
          "end": {
            "column": 141,
            "line": 1,
          },
          "start": {
            "column": 118,
            "line": 1,
          },
        },
        "name": "uncovered",
      },
    },
    "path": "<process-cwd>/src/dynamic-file-cjs.ignore.cjs",
    "s": {
      "0": 1,
    },
    "statementMap": {
      "0": {
        "end": {
          "column": 141,
          "line": 1,
        },
        "start": {
          "column": 0,
          "line": 1,
        },
      },
    },
  },
  "<process-cwd>/src/dynamic-file-esm.ignore.js": {
    "all": false,
    "b": {
      "0": [
        1,
      ],
    },
    "branchMap": {
      "0": {
        "line": 2,
        "loc": {
          "end": {
            "column": 1,
            "line": 4,
          },
          "start": {
            "column": 7,
            "line": 2,
          },
        },
        "locations": [
          {
            "end": {
              "column": 1,
              "line": 4,
            },
            "start": {
              "column": 7,
              "line": 2,
            },
          },
        ],
        "type": "branch",
      },
    },
    "f": {
      "0": 1,
      "1": 0,
    },
    "fnMap": {
      "0": {
        "decl": {
          "end": {
            "column": 1,
            "line": 4,
          },
          "start": {
            "column": 7,
            "line": 2,
          },
        },
        "line": 2,
        "loc": {
          "end": {
            "column": 1,
            "line": 4,
          },
          "start": {
            "column": 7,
            "line": 2,
          },
        },
        "name": "run",
      },
      "1": {
        "decl": {
          "end": {
            "column": 23,
            "line": 5,
          },
          "start": {
            "column": 0,
            "line": 5,
          },
        },
        "line": 5,
        "loc": {
          "end": {
            "column": 23,
            "line": 5,
          },
          "start": {
            "column": 0,
            "line": 5,
          },
        },
        "name": "uncovered",
      },
    },
    "path": "<process-cwd>/src/dynamic-file-esm.ignore.js",
    "s": {
      "0": 1,
      "1": 1,
      "2": 1,
      "3": 1,
      "4": 0,
    },
    "statementMap": {
      "0": {
        "end": {
          "column": 53,
          "line": 1,
        },
        "start": {
          "column": 0,
          "line": 1,
        },
      },
      "1": {
        "end": {
          "column": 23,
          "line": 2,
        },
        "start": {
          "column": 0,
          "line": 2,
        },
      },
      "2": {
        "end": {
          "column": 23,
          "line": 3,
        },
        "start": {
          "column": 0,
          "line": 3,
        },
      },
      "3": {
        "end": {
          "column": 1,
          "line": 4,
        },
        "start": {
          "column": 0,
          "line": 4,
        },
      },
      "4": {
        "end": {
          "column": 23,
          "line": 5,
        },
        "start": {
          "column": 0,
          "line": 5,
        },
      },
    },
  },
  "<process-cwd>/src/dynamic-files.ts": {
    "all": false,
    "b": {
      "0": [
        1,
      ],
      "1": [
        0,
      ],
      "2": [
        0,
      ],
      "3": [
        1,
      ],
      "4": [
        0,
      ],
      "5": [
        0,
      ],
    },
    "branchMap": {
      "0": {
        "line": 5,
        "loc": {
          "end": {
            "column": 1,
            "line": 25,
          },
          "start": {
            "column": 0,
            "line": 5,
          },
        },
        "locations": [
          {
            "end": {
              "column": 1,
              "line": 25,
            },
            "start": {
              "column": 0,
              "line": 5,
            },
          },
        ],
        "type": "branch",
      },
      "1": {
        "line": 9,
        "loc": {
          "end": {
            "column": 20,
            "line": 9,
          },
          "start": {
            "column": 4,
            "line": 9,
          },
        },
        "locations": [
          {
            "end": {
              "column": 20,
              "line": 9,
            },
            "start": {
              "column": 4,
              "line": 9,
            },
          },
        ],
        "type": "branch",
      },
      "2": {
        "line": 22,
        "loc": {
          "end": {
            "column": 48,
            "line": 22,
          },
          "start": {
            "column": 4,
            "line": 22,
          },
        },
        "locations": [
          {
            "end": {
              "column": 48,
              "line": 22,
            },
            "start": {
              "column": 4,
              "line": 22,
            },
          },
        ],
        "type": "branch",
      },
      "3": {
        "line": 27,
        "loc": {
          "end": {
            "column": 1,
            "line": 47,
          },
          "start": {
            "column": 0,
            "line": 27,
          },
        },
        "locations": [
          {
            "end": {
              "column": 1,
              "line": 47,
            },
            "start": {
              "column": 0,
              "line": 27,
            },
          },
        ],
        "type": "branch",
      },
      "4": {
        "line": 31,
        "loc": {
          "end": {
            "column": 20,
            "line": 31,
          },
          "start": {
            "column": 4,
            "line": 31,
          },
        },
        "locations": [
          {
            "end": {
              "column": 20,
              "line": 31,
            },
            "start": {
              "column": 4,
              "line": 31,
            },
          },
        ],
        "type": "branch",
      },
      "5": {
        "line": 44,
        "loc": {
          "end": {
            "column": 48,
            "line": 44,
          },
          "start": {
            "column": 4,
            "line": 44,
          },
        },
        "locations": [
          {
            "end": {
              "column": 48,
              "line": 44,
            },
            "start": {
              "column": 4,
              "line": 44,
            },
          },
        ],
        "type": "branch",
      },
    },
    "f": {
      "0": 1,
      "1": 1,
    },
    "fnMap": {
      "0": {
        "decl": {
          "end": {
            "column": 1,
            "line": 25,
          },
          "start": {
            "column": 0,
            "line": 5,
          },
        },
        "line": 5,
        "loc": {
          "end": {
            "column": 1,
            "line": 25,
          },
          "start": {
            "column": 0,
            "line": 5,
          },
        },
        "name": "runDynamicFileESM",
      },
      "1": {
        "decl": {
          "end": {
            "column": 1,
            "line": 47,
          },
          "start": {
            "column": 0,
            "line": 27,
          },
        },
        "line": 27,
        "loc": {
          "end": {
            "column": 1,
            "line": 47,
          },
          "start": {
            "column": 0,
            "line": 27,
          },
        },
        "name": "runDynamicFileCJS",
      },
    },
    "path": "<process-cwd>/src/dynamic-files.ts",
    "s": {
      "0": 1,
      "1": 1,
      "10": 1,
      "11": 1,
      "12": 1,
      "13": 1,
      "14": 1,
      "15": 1,
      "16": 1,
      "17": 1,
      "18": 1,
      "19": 1,
      "2": 1,
      "20": 1,
      "21": 1,
      "22": 1,
      "23": 1,
      "24": 1,
      "25": 1,
      "26": 1,
      "27": 1,
      "28": 1,
      "29": 1,
      "3": 1,
      "30": 1,
      "31": 1,
      "32": 1,
      "33": 1,
      "34": 1,
      "35": 1,
      "36": 1,
      "37": 1,
      "38": 1,
      "39": 1,
      "4": 1,
      "40": 1,
      "41": 1,
      "42": 1,
      "43": 1,
      "44": 1,
      "45": 1,
      "46": 1,
      "5": 1,
      "6": 1,
      "7": 1,
      "8": 1,
      "9": 1,
    },
    "statementMap": {
      "0": {
        "end": {
          "column": 59,
          "line": 1,
        },
        "start": {
          "column": 0,
          "line": 1,
        },
      },
      "1": {
        "end": {
          "column": 43,
          "line": 2,
        },
        "start": {
          "column": 0,
          "line": 2,
        },
      },
      "10": {
        "end": {
          "column": 27,
          "line": 11,
        },
        "start": {
          "column": 0,
          "line": 11,
        },
      },
      "11": {
        "end": {
          "column": 53,
          "line": 12,
        },
        "start": {
          "column": 0,
          "line": 12,
        },
      },
      "12": {
        "end": {
          "column": 23,
          "line": 13,
        },
        "start": {
          "column": 0,
          "line": 13,
        },
      },
      "13": {
        "end": {
          "column": 23,
          "line": 14,
        },
        "start": {
          "column": 0,
          "line": 14,
        },
      },
      "14": {
        "end": {
          "column": 1,
          "line": 15,
        },
        "start": {
          "column": 0,
          "line": 15,
        },
      },
      "15": {
        "end": {
          "column": 23,
          "line": 16,
        },
        "start": {
          "column": 0,
          "line": 16,
        },
      },
      "16": {
        "end": {
          "column": 20,
          "line": 17,
        },
        "start": {
          "column": 0,
          "line": 17,
        },
      },
      "17": {
        "end": {
          "column": 0,
          "line": 18,
        },
        "start": {
          "column": 0,
          "line": 18,
        },
      },
      "18": {
        "end": {
          "column": 40,
          "line": 19,
        },
        "start": {
          "column": 0,
          "line": 19,
        },
      },
      "19": {
        "end": {
          "column": 0,
          "line": 20,
        },
        "start": {
          "column": 0,
          "line": 20,
        },
      },
      "2": {
        "end": {
          "column": 40,
          "line": 3,
        },
        "start": {
          "column": 0,
          "line": 3,
        },
      },
      "20": {
        "end": {
          "column": 31,
          "line": 21,
        },
        "start": {
          "column": 0,
          "line": 21,
        },
      },
      "21": {
        "end": {
          "column": 48,
          "line": 22,
        },
        "start": {
          "column": 0,
          "line": 22,
        },
      },
      "22": {
        "end": {
          "column": 0,
          "line": 23,
        },
        "start": {
          "column": 0,
          "line": 23,
        },
      },
      "23": {
        "end": {
          "column": 18,
          "line": 24,
        },
        "start": {
          "column": 0,
          "line": 24,
        },
      },
      "24": {
        "end": {
          "column": 1,
          "line": 25,
        },
        "start": {
          "column": 0,
          "line": 25,
        },
      },
      "25": {
        "end": {
          "column": 0,
          "line": 26,
        },
        "start": {
          "column": 0,
          "line": 26,
        },
      },
      "26": {
        "end": {
          "column": 43,
          "line": 27,
        },
        "start": {
          "column": 0,
          "line": 27,
        },
      },
      "27": {
        "end": {
          "column": 91,
          "line": 28,
        },
        "start": {
          "column": 0,
          "line": 28,
        },
      },
      "28": {
        "end": {
          "column": 0,
          "line": 29,
        },
        "start": {
          "column": 0,
          "line": 29,
        },
      },
      "29": {
        "end": {
          "column": 27,
          "line": 30,
        },
        "start": {
          "column": 0,
          "line": 30,
        },
      },
      "3": {
        "end": {
          "column": 0,
          "line": 4,
        },
        "start": {
          "column": 0,
          "line": 4,
        },
      },
      "30": {
        "end": {
          "column": 20,
          "line": 31,
        },
        "start": {
          "column": 0,
          "line": 31,
        },
      },
      "31": {
        "end": {
          "column": 0,
          "line": 32,
        },
        "start": {
          "column": 0,
          "line": 32,
        },
      },
      "32": {
        "end": {
          "column": 27,
          "line": 33,
        },
        "start": {
          "column": 0,
          "line": 33,
        },
      },
      "33": {
        "end": {
          "column": 53,
          "line": 34,
        },
        "start": {
          "column": 0,
          "line": 34,
        },
      },
      "34": {
        "end": {
          "column": 37,
          "line": 35,
        },
        "start": {
          "column": 0,
          "line": 35,
        },
      },
      "35": {
        "end": {
          "column": 23,
          "line": 36,
        },
        "start": {
          "column": 0,
          "line": 36,
        },
      },
      "36": {
        "end": {
          "column": 1,
          "line": 37,
        },
        "start": {
          "column": 0,
          "line": 37,
        },
      },
      "37": {
        "end": {
          "column": 23,
          "line": 38,
        },
        "start": {
          "column": 0,
          "line": 38,
        },
      },
      "38": {
        "end": {
          "column": 20,
          "line": 39,
        },
        "start": {
          "column": 0,
          "line": 39,
        },
      },
      "39": {
        "end": {
          "column": 0,
          "line": 40,
        },
        "start": {
          "column": 0,
          "line": 40,
        },
      },
      "4": {
        "end": {
          "column": 43,
          "line": 5,
        },
        "start": {
          "column": 0,
          "line": 5,
        },
      },
      "40": {
        "end": {
          "column": 58,
          "line": 41,
        },
        "start": {
          "column": 0,
          "line": 41,
        },
      },
      "41": {
        "end": {
          "column": 0,
          "line": 42,
        },
        "start": {
          "column": 0,
          "line": 42,
        },
      },
      "42": {
        "end": {
          "column": 31,
          "line": 43,
        },
        "start": {
          "column": 0,
          "line": 43,
        },
      },
      "43": {
        "end": {
          "column": 48,
          "line": 44,
        },
        "start": {
          "column": 0,
          "line": 44,
        },
      },
      "44": {
        "end": {
          "column": 0,
          "line": 45,
        },
        "start": {
          "column": 0,
          "line": 45,
        },
      },
      "45": {
        "end": {
          "column": 18,
          "line": 46,
        },
        "start": {
          "column": 0,
          "line": 46,
        },
      },
      "46": {
        "end": {
          "column": 1,
          "line": 47,
        },
        "start": {
          "column": 0,
          "line": 47,
        },
      },
      "5": {
        "end": {
          "column": 90,
          "line": 6,
        },
        "start": {
          "column": 0,
          "line": 6,
        },
      },
      "6": {
        "end": {
          "column": 0,
          "line": 7,
        },
        "start": {
          "column": 0,
          "line": 7,
        },
      },
      "7": {
        "end": {
          "column": 27,
          "line": 8,
        },
        "start": {
          "column": 0,
          "line": 8,
        },
      },
      "8": {
        "end": {
          "column": 20,
          "line": 9,
        },
        "start": {
          "column": 0,
          "line": 9,
        },
      },
      "9": {
        "end": {
          "column": 0,
          "line": 10,
        },
        "start": {
          "column": 0,
          "line": 10,
        },
      },
    },
  },
  "<process-cwd>/src/function-count.ts": {
    "all": false,
    "b": {
      "0": [
        1,
      ],
      "1": [
        1,
      ],
      "2": [
        1,
      ],
    },
    "branchMap": {
      "0": {
        "line": 11,
        "loc": {
          "end": {
            "column": 1,
            "line": 13,
          },
          "start": {
            "column": 0,
            "line": 11,
          },
        },
        "locations": [
          {
            "end": {
              "column": 1,
              "line": 13,
            },
            "start": {
              "column": 0,
              "line": 11,
            },
          },
        ],
        "type": "branch",
      },
      "1": {
        "line": 18,
        "loc": {
          "end": {
            "column": 1,
            "line": 21,
          },
          "start": {
            "column": 7,
            "line": 18,
          },
        },
        "locations": [
          {
            "end": {
              "column": 1,
              "line": 21,
            },
            "start": {
              "column": 7,
              "line": 18,
            },
          },
        ],
        "type": "branch",
      },
      "2": {
        "line": 34,
        "loc": {
          "end": {
            "column": 1,
            "line": 36,
          },
          "start": {
            "column": 0,
            "line": 34,
          },
        },
        "locations": [
          {
            "end": {
              "column": 1,
              "line": 36,
            },
            "start": {
              "column": 0,
              "line": 34,
            },
          },
        ],
        "type": "branch",
      },
    },
    "f": {
      "0": 1,
      "1": 1,
      "2": 0,
      "3": 0,
      "4": 1,
    },
    "fnMap": {
      "0": {
        "decl": {
          "end": {
            "column": 1,
            "line": 13,
          },
          "start": {
            "column": 0,
            "line": 11,
          },
        },
        "line": 11,
        "loc": {
          "end": {
            "column": 1,
            "line": 13,
          },
          "start": {
            "column": 0,
            "line": 11,
          },
        },
        "name": "first",
      },
      "1": {
        "decl": {
          "end": {
            "column": 1,
            "line": 21,
          },
          "start": {
            "column": 7,
            "line": 18,
          },
        },
        "line": 18,
        "loc": {
          "end": {
            "column": 1,
            "line": 21,
          },
          "start": {
            "column": 7,
            "line": 18,
          },
        },
        "name": "second",
      },
      "2": {
        "decl": {
          "end": {
            "column": 1,
            "line": 26,
          },
          "start": {
            "column": 7,
            "line": 24,
          },
        },
        "line": 24,
        "loc": {
          "end": {
            "column": 1,
            "line": 26,
          },
          "start": {
            "column": 7,
            "line": 24,
          },
        },
        "name": "third",
      },
      "3": {
        "decl": {
          "end": {
            "column": 1,
            "line": 31,
          },
          "start": {
            "column": 0,
            "line": 29,
          },
        },
        "line": 29,
        "loc": {
          "end": {
            "column": 1,
            "line": 31,
          },
          "start": {
            "column": 0,
            "line": 29,
          },
        },
        "name": "fourth",
      },
      "4": {
        "decl": {
          "end": {
            "column": 1,
            "line": 36,
          },
          "start": {
            "column": 0,
            "line": 34,
          },
        },
        "line": 34,
        "loc": {
          "end": {
            "column": 1,
            "line": 36,
          },
          "start": {
            "column": 0,
            "line": 34,
          },
        },
        "name": "fifth",
      },
    },
    "path": "<process-cwd>/src/function-count.ts",
    "s": {
      "0": 1,
      "1": 1,
      "10": 1,
      "11": 1,
      "12": 1,
      "13": 1,
      "14": 1,
      "15": 1,
      "16": 1,
      "17": 1,
      "18": 1,
      "19": 1,
      "2": 1,
      "20": 1,
      "21": 1,
      "22": 1,
      "23": 1,
      "24": 0,
      "25": 0,
      "26": 1,
      "27": 1,
      "28": 0,
      "29": 0,
      "3": 1,
      "30": 0,
      "31": 1,
      "32": 1,
      "33": 1,
      "34": 1,
      "35": 1,
      "4": 1,
      "5": 1,
      "6": 1,
      "7": 1,
      "8": 1,
      "9": 1,
    },
    "statementMap": {
      "0": {
        "end": {
          "column": 2,
          "line": 1,
        },
        "start": {
          "column": 0,
          "line": 1,
        },
      },
      "1": {
        "end": {
          "column": 25,
          "line": 2,
        },
        "start": {
          "column": 0,
          "line": 2,
        },
      },
      "10": {
        "end": {
          "column": 18,
          "line": 11,
        },
        "start": {
          "column": 0,
          "line": 11,
        },
      },
      "11": {
        "end": {
          "column": 10,
          "line": 12,
        },
        "start": {
          "column": 0,
          "line": 12,
        },
      },
      "12": {
        "end": {
          "column": 1,
          "line": 13,
        },
        "start": {
          "column": 0,
          "line": 13,
        },
      },
      "13": {
        "end": {
          "column": 0,
          "line": 14,
        },
        "start": {
          "column": 0,
          "line": 14,
        },
      },
      "14": {
        "end": {
          "column": 7,
          "line": 15,
        },
        "start": {
          "column": 0,
          "line": 15,
        },
      },
      "15": {
        "end": {
          "column": 0,
          "line": 16,
        },
        "start": {
          "column": 0,
          "line": 16,
        },
      },
      "16": {
        "end": {
          "column": 27,
          "line": 17,
        },
        "start": {
          "column": 0,
          "line": 17,
        },
      },
      "17": {
        "end": {
          "column": 26,
          "line": 18,
        },
        "start": {
          "column": 0,
          "line": 18,
        },
      },
      "18": {
        "end": {
          "column": 9,
          "line": 19,
        },
        "start": {
          "column": 0,
          "line": 19,
        },
      },
      "19": {
        "end": {
          "column": 10,
          "line": 20,
        },
        "start": {
          "column": 0,
          "line": 20,
        },
      },
      "2": {
        "end": {
          "column": 25,
          "line": 3,
        },
        "start": {
          "column": 0,
          "line": 3,
        },
      },
      "20": {
        "end": {
          "column": 1,
          "line": 21,
        },
        "start": {
          "column": 0,
          "line": 21,
        },
      },
      "21": {
        "end": {
          "column": 0,
          "line": 22,
        },
        "start": {
          "column": 0,
          "line": 22,
        },
      },
      "22": {
        "end": {
          "column": 31,
          "line": 23,
        },
        "start": {
          "column": 0,
          "line": 23,
        },
      },
      "23": {
        "end": {
          "column": 25,
          "line": 24,
        },
        "start": {
          "column": 0,
          "line": 24,
        },
      },
      "24": {
        "end": {
          "column": 46,
          "line": 25,
        },
        "start": {
          "column": 0,
          "line": 25,
        },
      },
      "25": {
        "end": {
          "column": 1,
          "line": 26,
        },
        "start": {
          "column": 0,
          "line": 26,
        },
      },
      "26": {
        "end": {
          "column": 0,
          "line": 27,
        },
        "start": {
          "column": 0,
          "line": 27,
        },
      },
      "27": {
        "end": {
          "column": 31,
          "line": 28,
        },
        "start": {
          "column": 0,
          "line": 28,
        },
      },
      "28": {
        "end": {
          "column": 19,
          "line": 29,
        },
        "start": {
          "column": 0,
          "line": 29,
        },
      },
      "29": {
        "end": {
          "column": 10,
          "line": 30,
        },
        "start": {
          "column": 0,
          "line": 30,
        },
      },
      "3": {
        "end": {
          "column": 24,
          "line": 4,
        },
        "start": {
          "column": 0,
          "line": 4,
        },
      },
      "30": {
        "end": {
          "column": 1,
          "line": 31,
        },
        "start": {
          "column": 0,
          "line": 31,
        },
      },
      "31": {
        "end": {
          "column": 0,
          "line": 32,
        },
        "start": {
          "column": 0,
          "line": 32,
        },
      },
      "32": {
        "end": {
          "column": 27,
          "line": 33,
        },
        "start": {
          "column": 0,
          "line": 33,
        },
      },
      "33": {
        "end": {
          "column": 18,
          "line": 34,
        },
        "start": {
          "column": 0,
          "line": 34,
        },
      },
      "34": {
        "end": {
          "column": 10,
          "line": 35,
        },
        "start": {
          "column": 0,
          "line": 35,
        },
      },
      "35": {
        "end": {
          "column": 1,
          "line": 36,
        },
        "start": {
          "column": 0,
          "line": 36,
        },
      },
      "4": {
        "end": {
          "column": 26,
          "line": 5,
        },
        "start": {
          "column": 0,
          "line": 5,
        },
      },
      "5": {
        "end": {
          "column": 3,
          "line": 6,
        },
        "start": {
          "column": 0,
          "line": 6,
        },
      },
      "6": {
        "end": {
          "column": 0,
          "line": 7,
        },
        "start": {
          "column": 0,
          "line": 7,
        },
      },
      "7": {
        "end": {
          "column": 50,
          "line": 8,
        },
        "start": {
          "column": 0,
          "line": 8,
        },
      },
      "8": {
        "end": {
          "column": 0,
          "line": 9,
        },
        "start": {
          "column": 0,
          "line": 9,
        },
      },
      "9": {
        "end": {
          "column": 27,
          "line": 10,
        },
        "start": {
          "column": 0,
          "line": 10,
        },
      },
    },
  },
  "<process-cwd>/src/implicitElse.ts": {
    "all": false,
    "b": {
      "0": [
        1,
      ],
    },
    "branchMap": {
      "0": {
        "line": 1,
        "loc": {
          "end": {
            "column": 1,
            "line": 8,
          },
          "start": {
            "column": 7,
            "line": 1,
          },
        },
        "locations": [
          {
            "end": {
              "column": 1,
              "line": 8,
            },
            "start": {
              "column": 7,
              "line": 1,
            },
          },
        ],
        "type": "branch",
      },
    },
    "f": {
      "0": 1,
    },
    "fnMap": {
      "0": {
        "decl": {
          "end": {
            "column": 1,
            "line": 8,
          },
          "start": {
            "column": 7,
            "line": 1,
          },
        },
        "line": 1,
        "loc": {
          "end": {
            "column": 1,
            "line": 8,
          },
          "start": {
            "column": 7,
            "line": 1,
          },
        },
        "name": "implicitElse",
      },
    },
    "path": "<process-cwd>/src/implicitElse.ts",
    "s": {
      "0": 1,
      "1": 1,
      "2": 1,
      "3": 1,
      "4": 1,
      "5": 1,
      "6": 1,
      "7": 1,
    },
    "statementMap": {
      "0": {
        "end": {
          "column": 50,
          "line": 1,
        },
        "start": {
          "column": 0,
          "line": 1,
        },
      },
      "1": {
        "end": {
          "column": 11,
          "line": 2,
        },
        "start": {
          "column": 0,
          "line": 2,
        },
      },
      "2": {
        "end": {
          "column": 0,
          "line": 3,
        },
        "start": {
          "column": 0,
          "line": 3,
        },
      },
      "3": {
        "end": {
          "column": 16,
          "line": 4,
        },
        "start": {
          "column": 0,
          "line": 4,
        },
      },
      "4": {
        "end": {
          "column": 9,
          "line": 5,
        },
        "start": {
          "column": 0,
          "line": 5,
        },
      },
      "5": {
        "end": {
          "column": 0,
          "line": 6,
        },
        "start": {
          "column": 0,
          "line": 6,
        },
      },
      "6": {
        "end": {
          "column": 10,
          "line": 7,
        },
        "start": {
          "column": 0,
          "line": 7,
        },
      },
      "7": {
        "end": {
          "column": 1,
          "line": 8,
        },
        "start": {
          "column": 0,
          "line": 8,
        },
      },
    },
  },
  "<process-cwd>/src/importEnv.ts": {
    "all": false,
    "b": {
      "0": [
        1,
      ],
    },
    "branchMap": {
      "0": {
        "line": 1,
        "loc": {
          "end": {
            "column": 1,
            "line": 3,
          },
          "start": {
            "column": 7,
            "line": 1,
          },
        },
        "locations": [
          {
            "end": {
              "column": 1,
              "line": 3,
            },
            "start": {
              "column": 7,
              "line": 1,
            },
          },
        ],
        "type": "branch",
      },
    },
    "f": {
      "0": 1,
    },
    "fnMap": {
      "0": {
        "decl": {
          "end": {
            "column": 1,
            "line": 3,
          },
          "start": {
            "column": 7,
            "line": 1,
          },
        },
        "line": 1,
        "loc": {
          "end": {
            "column": 1,
            "line": 3,
          },
          "start": {
            "column": 7,
            "line": 1,
          },
        },
        "name": "useImportEnv",
      },
    },
    "path": "<process-cwd>/src/importEnv.ts",
    "s": {
      "0": 1,
      "1": 1,
      "2": 1,
    },
    "statementMap": {
      "0": {
        "end": {
          "column": 32,
          "line": 1,
        },
        "start": {
          "column": 0,
          "line": 1,
        },
      },
      "1": {
        "end": {
          "column": 46,
          "line": 2,
        },
        "start": {
          "column": 0,
          "line": 2,
        },
      },
      "2": {
        "end": {
          "column": 1,
          "line": 3,
        },
        "start": {
          "column": 0,
          "line": 3,
        },
      },
    },
  },
  "<process-cwd>/src/index.mts": {
    "all": false,
    "b": {
      "0": [
        1,
      ],
    },
    "branchMap": {
      "0": {
        "line": 5,
        "loc": {
          "end": {
            "column": 1,
            "line": 7,
          },
          "start": {
            "column": 7,
            "line": 5,
          },
        },
        "locations": [
          {
            "end": {
              "column": 1,
              "line": 7,
            },
            "start": {
              "column": 7,
              "line": 5,
            },
          },
        ],
        "type": "branch",
      },
    },
    "f": {
      "0": 1,
    },
    "fnMap": {
      "0": {
        "decl": {
          "end": {
            "column": 1,
            "line": 7,
          },
          "start": {
            "column": 7,
            "line": 5,
          },
        },
        "line": 5,
        "loc": {
          "end": {
            "column": 1,
            "line": 7,
          },
          "start": {
            "column": 7,
            "line": 5,
          },
        },
        "name": "pythagoras",
      },
    },
    "path": "<process-cwd>/src/index.mts",
    "s": {
      "0": 1,
      "1": 1,
      "2": 1,
      "3": 1,
      "4": 1,
      "5": 1,
      "6": 1,
    },
    "statementMap": {
      "0": {
        "end": {
          "column": 45,
          "line": 1,
        },
        "start": {
          "column": 0,
          "line": 1,
        },
      },
      "1": {
        "end": {
          "column": 0,
          "line": 2,
        },
        "start": {
          "column": 0,
          "line": 2,
        },
      },
      "2": {
        "end": {
          "column": 23,
          "line": 3,
        },
        "start": {
          "column": 0,
          "line": 3,
        },
      },
      "3": {
        "end": {
          "column": 0,
          "line": 4,
        },
        "start": {
          "column": 0,
          "line": 4,
        },
      },
      "4": {
        "end": {
          "column": 50,
          "line": 5,
        },
        "start": {
          "column": 0,
          "line": 5,
        },
      },
      "5": {
        "end": {
          "column": 50,
          "line": 6,
        },
        "start": {
          "column": 0,
          "line": 6,
        },
      },
      "6": {
        "end": {
          "column": 1,
          "line": 7,
        },
        "start": {
          "column": 0,
          "line": 7,
        },
      },
    },
  },
  "<process-cwd>/src/multi-environment.ts": {
    "all": false,
    "b": {
      "0": [
        4,
      ],
      "1": [
        0,
      ],
      "10": [
        1,
      ],
      "2": [
        0,
      ],
      "3": [
        1,
      ],
      "4": [
        1,
      ],
      "5": [
        0,
      ],
      "6": [
        0,
      ],
      "7": [
        1,
      ],
      "8": [
        2,
      ],
      "9": [
        3,
      ],
    },
    "branchMap": {
      "0": {
        "line": 6,
        "loc": {
          "end": {
            "column": 1,
            "line": 31,
          },
          "start": {
            "column": 7,
            "line": 6,
          },
        },
        "locations": [
          {
            "end": {
              "column": 1,
              "line": 31,
            },
            "start": {
              "column": 7,
              "line": 6,
            },
          },
        ],
        "type": "branch",
      },
      "1": {
        "line": 11,
        "loc": {
          "end": {
            "column": 26,
            "line": 11,
          },
          "start": {
            "column": 12,
            "line": 11,
          },
        },
        "locations": [
          {
            "end": {
              "column": 26,
              "line": 11,
            },
            "start": {
              "column": 12,
              "line": 11,
            },
          },
        ],
        "type": "branch",
      },
      "10": {
        "line": 24,
        "loc": {
          "end": {
            "column": 3,
            "line": 27,
          },
          "start": {
            "column": 33,
            "line": 24,
          },
        },
        "locations": [
          {
            "end": {
              "column": 3,
              "line": 27,
            },
            "start": {
              "column": 33,
              "line": 24,
            },
          },
        ],
        "type": "branch",
      },
      "2": {
        "line": 11,
        "loc": {
          "end": {
            "column": 3,
            "line": 14,
          },
          "start": {
            "column": 26,
            "line": 11,
          },
        },
        "locations": [
          {
            "end": {
              "column": 3,
              "line": 14,
            },
            "start": {
              "column": 26,
              "line": 11,
            },
          },
        ],
        "type": "branch",
      },
      "3": {
        "line": 16,
        "loc": {
          "end": {
            "column": 31,
            "line": 16,
          },
          "start": {
            "column": 17,
            "line": 16,
          },
        },
        "locations": [
          {
            "end": {
              "column": 31,
              "line": 16,
            },
            "start": {
              "column": 17,
              "line": 16,
            },
          },
        ],
        "type": "branch",
      },
      "4": {
        "line": 16,
        "loc": {
          "end": {
            "column": 3,
            "line": 19,
          },
          "start": {
            "column": 31,
            "line": 16,
          },
        },
        "locations": [
          {
            "end": {
              "column": 3,
              "line": 19,
            },
            "start": {
              "column": 31,
              "line": 16,
            },
          },
        ],
        "type": "branch",
      },
      "5": {
        "line": 20,
        "loc": {
          "end": {
            "column": 33,
            "line": 20,
          },
          "start": {
            "column": 17,
            "line": 20,
          },
        },
        "locations": [
          {
            "end": {
              "column": 33,
              "line": 20,
            },
            "start": {
              "column": 17,
              "line": 20,
            },
          },
        ],
        "type": "branch",
      },
      "6": {
        "line": 20,
        "loc": {
          "end": {
            "column": 3,
            "line": 23,
          },
          "start": {
            "column": 33,
            "line": 20,
          },
        },
        "locations": [
          {
            "end": {
              "column": 3,
              "line": 23,
            },
            "start": {
              "column": 33,
              "line": 20,
            },
          },
        ],
        "type": "branch",
      },
      "7": {
        "line": 24,
        "loc": {
          "end": {
            "column": 33,
            "line": 24,
          },
          "start": {
            "column": 17,
            "line": 24,
          },
        },
        "locations": [
          {
            "end": {
              "column": 33,
              "line": 24,
            },
            "start": {
              "column": 17,
              "line": 24,
            },
          },
        ],
        "type": "branch",
      },
      "8": {
        "line": 24,
        "loc": {
          "end": {
            "column": 1,
            "line": 31,
          },
          "start": {
            "column": 33,
            "line": 24,
          },
        },
        "locations": [
          {
            "end": {
              "column": 1,
              "line": 31,
            },
            "start": {
              "column": 33,
              "line": 24,
            },
          },
        ],
        "type": "branch",
      },
      "9": {
        "line": 16,
        "loc": {
          "end": {
            "column": 1,
            "line": 31,
          },
          "start": {
            "column": 31,
            "line": 16,
          },
        },
        "locations": [
          {
            "end": {
              "column": 1,
              "line": 31,
            },
            "start": {
              "column": 31,
              "line": 16,
            },
          },
        ],
        "type": "branch",
      },
    },
    "f": {
      "0": 4,
    },
    "fnMap": {
      "0": {
        "decl": {
          "end": {
            "column": 1,
            "line": 31,
          },
          "start": {
            "column": 7,
            "line": 6,
          },
        },
        "line": 6,
        "loc": {
          "end": {
            "column": 1,
            "line": 31,
          },
          "start": {
            "column": 7,
            "line": 6,
          },
        },
        "name": "sum",
      },
    },
    "path": "<process-cwd>/src/multi-environment.ts",
    "s": {
      "0": 2,
      "1": 2,
      "10": 4,
      "11": 0,
      "12": 0,
      "13": 0,
      "14": 4,
      "15": 4,
      "16": 1,
      "17": 1,
      "18": 1,
      "19": 3,
      "2": 2,
      "20": 0,
      "21": 0,
      "22": 0,
      "23": 3,
      "24": 1,
      "25": 1,
      "26": 1,
      "27": 2,
      "28": 2,
      "29": 2,
      "3": 2,
      "30": 2,
      "4": 2,
      "5": 2,
      "6": 4,
      "7": 4,
      "8": 4,
      "9": 4,
    },
    "statementMap": {
      "0": {
        "end": {
          "column": 3,
          "line": 1,
        },
        "start": {
          "column": 0,
          "line": 1,
        },
      },
      "1": {
        "end": {
          "column": 55,
          "line": 2,
        },
        "start": {
          "column": 0,
          "line": 2,
        },
      },
      "10": {
        "end": {
          "column": 27,
          "line": 11,
        },
        "start": {
          "column": 0,
          "line": 11,
        },
      },
      "11": {
        "end": {
          "column": 38,
          "line": 12,
        },
        "start": {
          "column": 0,
          "line": 12,
        },
      },
      "12": {
        "end": {
          "column": 13,
          "line": 13,
        },
        "start": {
          "column": 0,
          "line": 13,
        },
      },
      "13": {
        "end": {
          "column": 3,
          "line": 14,
        },
        "start": {
          "column": 0,
          "line": 14,
        },
      },
      "14": {
        "end": {
          "column": 12,
          "line": 15,
        },
        "start": {
          "column": 0,
          "line": 15,
        },
      },
      "15": {
        "end": {
          "column": 32,
          "line": 16,
        },
        "start": {
          "column": 0,
          "line": 16,
        },
      },
      "16": {
        "end": {
          "column": 34,
          "line": 17,
        },
        "start": {
          "column": 0,
          "line": 17,
        },
      },
      "17": {
        "end": {
          "column": 12,
          "line": 18,
        },
        "start": {
          "column": 0,
          "line": 18,
        },
      },
      "18": {
        "end": {
          "column": 3,
          "line": 19,
        },
        "start": {
          "column": 0,
          "line": 19,
        },
      },
      "19": {
        "end": {
          "column": 34,
          "line": 20,
        },
        "start": {
          "column": 0,
          "line": 20,
        },
      },
      "2": {
        "end": {
          "column": 3,
          "line": 3,
        },
        "start": {
          "column": 0,
          "line": 3,
        },
      },
      "20": {
        "end": {
          "column": 38,
          "line": 21,
        },
        "start": {
          "column": 0,
          "line": 21,
        },
      },
      "21": {
        "end": {
          "column": 13,
          "line": 22,
        },
        "start": {
          "column": 0,
          "line": 22,
        },
      },
      "22": {
        "end": {
          "column": 3,
          "line": 23,
        },
        "start": {
          "column": 0,
          "line": 23,
        },
      },
      "23": {
        "end": {
          "column": 34,
          "line": 24,
        },
        "start": {
          "column": 0,
          "line": 24,
        },
      },
      "24": {
        "end": {
          "column": 34,
          "line": 25,
        },
        "start": {
          "column": 0,
          "line": 25,
        },
      },
      "25": {
        "end": {
          "column": 13,
          "line": 26,
        },
        "start": {
          "column": 0,
          "line": 26,
        },
      },
      "26": {
        "end": {
          "column": 3,
          "line": 27,
        },
        "start": {
          "column": 0,
          "line": 27,
        },
      },
      "27": {
        "end": {
          "column": 0,
          "line": 28,
        },
        "start": {
          "column": 0,
          "line": 28,
        },
      },
      "28": {
        "end": {
          "column": 61,
          "line": 29,
        },
        "start": {
          "column": 0,
          "line": 29,
        },
      },
      "29": {
        "end": {
          "column": 14,
          "line": 30,
        },
        "start": {
          "column": 0,
          "line": 30,
        },
      },
      "3": {
        "end": {
          "column": 40,
          "line": 4,
        },
        "start": {
          "column": 0,
          "line": 4,
        },
      },
      "30": {
        "end": {
          "column": 1,
          "line": 31,
        },
        "start": {
          "column": 0,
          "line": 31,
        },
      },
      "4": {
        "end": {
          "column": 0,
          "line": 5,
        },
        "start": {
          "column": 0,
          "line": 5,
        },
      },
      "5": {
        "end": {
          "column": 43,
          "line": 6,
        },
        "start": {
          "column": 0,
          "line": 6,
        },
      },
      "6": {
        "end": {
          "column": 4,
          "line": 7,
        },
        "start": {
          "column": 0,
          "line": 7,
        },
      },
      "7": {
        "end": {
          "column": 64,
          "line": 8,
        },
        "start": {
          "column": 0,
          "line": 8,
        },
      },
      "8": {
        "end": {
          "column": 35,
          "line": 9,
        },
        "start": {
          "column": 0,
          "line": 9,
        },
      },
      "9": {
        "end": {
          "column": 5,
          "line": 10,
        },
        "start": {
          "column": 0,
          "line": 10,
        },
      },
    },
  },
  "<process-cwd>/src/multi-suite.ts": {
    "all": false,
    "b": {
      "0": [
        1,
      ],
      "1": [
        1,
      ],
    },
    "branchMap": {
      "0": {
        "line": 2,
        "loc": {
          "end": {
            "column": 4,
            "line": 4,
          },
          "start": {
            "column": 2,
            "line": 2,
          },
        },
        "locations": [
          {
            "end": {
              "column": 4,
              "line": 4,
            },
            "start": {
              "column": 2,
              "line": 2,
            },
          },
        ],
        "type": "branch",
      },
      "1": {
        "line": 6,
        "loc": {
          "end": {
            "column": 4,
            "line": 8,
          },
          "start": {
            "column": 2,
            "line": 6,
          },
        },
        "locations": [
          {
            "end": {
              "column": 4,
              "line": 8,
            },
            "start": {
              "column": 2,
              "line": 6,
            },
          },
        ],
        "type": "branch",
      },
    },
    "f": {
      "0": 1,
      "1": 1,
    },
    "fnMap": {
      "0": {
        "decl": {
          "end": {
            "column": 4,
            "line": 4,
          },
          "start": {
            "column": 2,
            "line": 2,
          },
        },
        "line": 2,
        "loc": {
          "end": {
            "column": 4,
            "line": 4,
          },
          "start": {
            "column": 2,
            "line": 2,
          },
        },
        "name": "func1",
      },
      "1": {
        "decl": {
          "end": {
            "column": 4,
            "line": 8,
          },
          "start": {
            "column": 2,
            "line": 6,
          },
        },
        "line": 6,
        "loc": {
          "end": {
            "column": 4,
            "line": 8,
          },
          "start": {
            "column": 2,
            "line": 6,
          },
        },
        "name": "func2",
      },
    },
    "path": "<process-cwd>/src/multi-suite.ts",
    "s": {
      "0": 1,
      "1": 1,
      "2": 1,
      "3": 1,
      "4": 1,
      "5": 1,
      "6": 1,
      "7": 1,
      "8": 1,
    },
    "statementMap": {
      "0": {
        "end": {
          "column": 16,
          "line": 1,
        },
        "start": {
          "column": 0,
          "line": 1,
        },
      },
      "1": {
        "end": {
          "column": 22,
          "line": 2,
        },
        "start": {
          "column": 0,
          "line": 2,
        },
      },
      "2": {
        "end": {
          "column": 15,
          "line": 3,
        },
        "start": {
          "column": 0,
          "line": 3,
        },
      },
      "3": {
        "end": {
          "column": 4,
          "line": 4,
        },
        "start": {
          "column": 0,
          "line": 4,
        },
      },
      "4": {
        "end": {
          "column": 0,
          "line": 5,
        },
        "start": {
          "column": 0,
          "line": 5,
        },
      },
      "5": {
        "end": {
          "column": 22,
          "line": 6,
        },
        "start": {
          "column": 0,
          "line": 6,
        },
      },
      "6": {
        "end": {
          "column": 15,
          "line": 7,
        },
        "start": {
          "column": 0,
          "line": 7,
        },
      },
      "7": {
        "end": {
          "column": 4,
          "line": 8,
        },
        "start": {
          "column": 0,
          "line": 8,
        },
      },
      "8": {
        "end": {
          "column": 1,
          "line": 9,
        },
        "start": {
          "column": 0,
          "line": 9,
        },
      },
    },
  },
  "<process-cwd>/src/untested-file.ts": {
    "all": true,
    "b": {
      "0": [
        0,
      ],
    },
    "branchMap": {
      "0": {
        "line": 1,
        "loc": {
          "end": {
            "column": 1,
            "line": 33,
          },
          "start": {
            "column": 0,
            "line": 1,
          },
        },
        "locations": [
          {
            "end": {
              "column": 1,
              "line": 33,
            },
            "start": {
              "column": 0,
              "line": 1,
            },
          },
        ],
        "type": "branch",
      },
    },
    "f": {
      "0": 0,
    },
    "fnMap": {
      "0": {
        "decl": {
          "end": {
            "column": 1,
            "line": 33,
          },
          "start": {
            "column": 0,
            "line": 1,
          },
        },
        "line": 1,
        "loc": {
          "end": {
            "column": 1,
            "line": 33,
          },
          "start": {
            "column": 0,
            "line": 1,
          },
        },
        "name": "(empty-report)",
      },
    },
    "path": "<process-cwd>/src/untested-file.ts",
    "s": {
      "0": 0,
      "1": 0,
      "10": 0,
      "11": 0,
      "12": 0,
      "13": 0,
      "14": 0,
      "15": 0,
      "16": 0,
      "17": 0,
      "18": 0,
      "19": 0,
      "2": 0,
      "20": 0,
      "21": 0,
      "22": 0,
      "23": 0,
      "24": 0,
      "25": 0,
      "26": 0,
      "27": 0,
      "28": 0,
      "29": 0,
      "3": 0,
      "30": 0,
      "31": 0,
      "32": 0,
      "4": 0,
      "5": 0,
      "6": 0,
      "7": 0,
      "8": 0,
      "9": 0,
    },
    "statementMap": {
      "0": {
        "end": {
          "column": 2,
          "line": 1,
        },
        "start": {
          "column": 0,
          "line": 1,
        },
      },
      "1": {
        "end": {
          "column": 68,
          "line": 2,
        },
        "start": {
          "column": 0,
          "line": 2,
        },
      },
      "10": {
        "end": {
          "column": 36,
          "line": 11,
        },
        "start": {
          "column": 0,
          "line": 11,
        },
      },
      "11": {
        "end": {
          "column": 14,
          "line": 12,
        },
        "start": {
          "column": 0,
          "line": 12,
        },
      },
      "12": {
        "end": {
          "column": 1,
          "line": 13,
        },
        "start": {
          "column": 0,
          "line": 13,
        },
      },
      "13": {
        "end": {
          "column": 0,
          "line": 14,
        },
        "start": {
          "column": 0,
          "line": 14,
        },
      },
      "14": {
        "end": {
          "column": 41,
          "line": 15,
        },
        "start": {
          "column": 0,
          "line": 15,
        },
      },
      "15": {
        "end": {
          "column": 36,
          "line": 16,
        },
        "start": {
          "column": 0,
          "line": 16,
        },
      },
      "16": {
        "end": {
          "column": 14,
          "line": 17,
        },
        "start": {
          "column": 0,
          "line": 17,
        },
      },
      "17": {
        "end": {
          "column": 1,
          "line": 18,
        },
        "start": {
          "column": 0,
          "line": 18,
        },
      },
      "18": {
        "end": {
          "column": 0,
          "line": 19,
        },
        "start": {
          "column": 0,
          "line": 19,
        },
      },
      "19": {
        "end": {
          "column": 65,
          "line": 20,
        },
        "start": {
          "column": 0,
          "line": 20,
        },
      },
      "2": {
        "end": {
          "column": 25,
          "line": 3,
        },
        "start": {
          "column": 0,
          "line": 3,
        },
      },
      "20": {
        "end": {
          "column": 25,
          "line": 21,
        },
        "start": {
          "column": 0,
          "line": 21,
        },
      },
      "21": {
        "end": {
          "column": 38,
          "line": 22,
        },
        "start": {
          "column": 0,
          "line": 22,
        },
      },
      "22": {
        "end": {
          "column": 25,
          "line": 23,
        },
        "start": {
          "column": 0,
          "line": 23,
        },
      },
      "23": {
        "end": {
          "column": 3,
          "line": 24,
        },
        "start": {
          "column": 0,
          "line": 24,
        },
      },
      "24": {
        "end": {
          "column": 0,
          "line": 25,
        },
        "start": {
          "column": 0,
          "line": 25,
        },
      },
      "25": {
        "end": {
          "column": 25,
          "line": 26,
        },
        "start": {
          "column": 0,
          "line": 26,
        },
      },
      "26": {
        "end": {
          "column": 38,
          "line": 27,
        },
        "start": {
          "column": 0,
          "line": 27,
        },
      },
      "27": {
        "end": {
          "column": 20,
          "line": 28,
        },
        "start": {
          "column": 0,
          "line": 28,
        },
      },
      "28": {
        "end": {
          "column": 3,
          "line": 29,
        },
        "start": {
          "column": 0,
          "line": 29,
        },
      },
      "29": {
        "end": {
          "column": 0,
          "line": 30,
        },
        "start": {
          "column": 0,
          "line": 30,
        },
      },
      "3": {
        "end": {
          "column": 2,
          "line": 4,
        },
        "start": {
          "column": 0,
          "line": 4,
        },
      },
      "30": {
        "end": {
          "column": 36,
          "line": 31,
        },
        "start": {
          "column": 0,
          "line": 31,
        },
      },
      "31": {
        "end": {
          "column": 41,
          "line": 32,
        },
        "start": {
          "column": 0,
          "line": 32,
        },
      },
      "32": {
        "end": {
          "column": 1,
          "line": 33,
        },
        "start": {
          "column": 0,
          "line": 33,
        },
      },
      "4": {
        "end": {
          "column": 0,
          "line": 5,
        },
        "start": {
          "column": 0,
          "line": 5,
        },
      },
      "5": {
        "end": {
          "column": 40,
          "line": 6,
        },
        "start": {
          "column": 0,
          "line": 6,
        },
      },
      "6": {
        "end": {
          "column": 72,
          "line": 7,
        },
        "start": {
          "column": 0,
          "line": 7,
        },
      },
      "7": {
        "end": {
          "column": 1,
          "line": 8,
        },
        "start": {
          "column": 0,
          "line": 8,
        },
      },
      "8": {
        "end": {
          "column": 0,
          "line": 9,
        },
        "start": {
          "column": 0,
          "line": 9,
        },
      },
      "9": {
        "end": {
          "column": 36,
          "line": 10,
        },
        "start": {
          "column": 0,
          "line": 10,
        },
      },
    },
  },
  "<process-cwd>/src/utils.ts": {
    "all": false,
    "b": {
      "0": [
        1,
      ],
      "1": [
        2,
      ],
      "2": [
        1,
      ],
      "3": [
        0,
      ],
    },
    "branchMap": {
      "0": {
        "line": 1,
        "loc": {
          "end": {
            "column": 1,
            "line": 3,
          },
          "start": {
            "column": 7,
            "line": 1,
          },
        },
        "locations": [
          {
            "end": {
              "column": 1,
              "line": 3,
            },
            "start": {
              "column": 7,
              "line": 1,
            },
          },
        ],
        "type": "branch",
      },
      "1": {
        "line": 5,
        "loc": {
          "end": {
            "column": 1,
            "line": 7,
          },
          "start": {
            "column": 7,
            "line": 5,
          },
        },
        "locations": [
          {
            "end": {
              "column": 1,
              "line": 7,
            },
            "start": {
              "column": 7,
              "line": 5,
            },
          },
        ],
        "type": "branch",
      },
      "2": {
        "line": 14,
        "loc": {
          "end": {
            "column": 1,
            "line": 19,
          },
          "start": {
            "column": 7,
            "line": 14,
          },
        },
        "locations": [
          {
            "end": {
              "column": 1,
              "line": 19,
            },
            "start": {
              "column": 7,
              "line": 14,
            },
          },
        ],
        "type": "branch",
      },
      "3": {
        "line": 16,
        "loc": {
          "end": {
            "column": 51,
            "line": 16,
          },
          "start": {
            "column": 4,
            "line": 16,
          },
        },
        "locations": [
          {
            "end": {
              "column": 51,
              "line": 16,
            },
            "start": {
              "column": 4,
              "line": 16,
            },
          },
        ],
        "type": "branch",
      },
    },
    "f": {
      "0": 1,
      "1": 2,
      "2": 0,
      "3": 1,
      "4": 0,
      "5": 1,
    },
    "fnMap": {
      "0": {
        "decl": {
          "end": {
            "column": 1,
            "line": 3,
          },
          "start": {
            "column": 7,
            "line": 1,
          },
        },
        "line": 1,
        "loc": {
          "end": {
            "column": 1,
            "line": 3,
          },
          "start": {
            "column": 7,
            "line": 1,
          },
        },
        "name": "add",
      },
      "1": {
        "decl": {
          "end": {
            "column": 1,
            "line": 7,
          },
          "start": {
            "column": 7,
            "line": 5,
          },
        },
        "line": 5,
        "loc": {
          "end": {
            "column": 1,
            "line": 7,
          },
          "start": {
            "column": 7,
            "line": 5,
          },
        },
        "name": "multiply",
      },
      "2": {
        "decl": {
          "end": {
            "column": 1,
            "line": 12,
          },
          "start": {
            "column": 7,
            "line": 9,
          },
        },
        "line": 9,
        "loc": {
          "end": {
            "column": 1,
            "line": 12,
          },
          "start": {
            "column": 7,
            "line": 9,
          },
        },
        "name": "divide",
      },
      "3": {
        "decl": {
          "end": {
            "column": 1,
            "line": 19,
          },
          "start": {
            "column": 7,
            "line": 14,
          },
        },
        "line": 14,
        "loc": {
          "end": {
            "column": 1,
            "line": 19,
          },
          "start": {
            "column": 7,
            "line": 14,
          },
        },
        "name": "sqrt",
      },
      "4": {
        "decl": {
          "end": {
            "column": 1,
            "line": 24,
          },
          "start": {
            "column": 7,
            "line": 21,
          },
        },
        "line": 21,
        "loc": {
          "end": {
            "column": 1,
            "line": 24,
          },
          "start": {
            "column": 7,
            "line": 21,
          },
        },
        "name": "run",
      },
      "5": {
        "decl": {
          "end": {
            "column": 1,
            "line": 30,
          },
          "start": {
            "column": 7,
            "line": 28,
          },
        },
        "line": 28,
        "loc": {
          "end": {
            "column": 1,
            "line": 30,
          },
          "start": {
            "column": 7,
            "line": 28,
          },
        },
        "name": "ignoredFunction",
      },
    },
    "path": "<process-cwd>/src/utils.ts",
    "s": {
      "0": 1,
      "1": 1,
      "10": 0,
      "11": 0,
      "12": 1,
      "13": 1,
      "14": 1,
      "15": 1,
      "16": 1,
      "17": 1,
      "18": 1,
      "19": 1,
      "2": 1,
      "20": 1,
      "21": 0,
      "22": 0,
      "23": 0,
      "24": 1,
      "25": 1,
      "26": 1,
      "27": 1,
      "28": 1,
      "29": 1,
      "3": 1,
      "4": 1,
      "5": 2,
      "6": 2,
      "7": 1,
      "8": 1,
      "9": 0,
    },
    "statementMap": {
      "0": {
        "end": {
          "column": 43,
          "line": 1,
        },
        "start": {
          "column": 0,
          "line": 1,
        },
      },
      "1": {
        "end": {
          "column": 14,
          "line": 2,
        },
        "start": {
          "column": 0,
          "line": 2,
        },
      },
      "10": {
        "end": {
          "column": 14,
          "line": 11,
        },
        "start": {
          "column": 0,
          "line": 11,
        },
      },
      "11": {
        "end": {
          "column": 1,
          "line": 12,
        },
        "start": {
          "column": 0,
          "line": 12,
        },
      },
      "12": {
        "end": {
          "column": 0,
          "line": 13,
        },
        "start": {
          "column": 0,
          "line": 13,
        },
      },
      "13": {
        "end": {
          "column": 33,
          "line": 14,
        },
        "start": {
          "column": 0,
          "line": 14,
        },
      },
      "14": {
        "end": {
          "column": 12,
          "line": 15,
        },
        "start": {
          "column": 0,
          "line": 15,
        },
      },
      "15": {
        "end": {
          "column": 51,
          "line": 16,
        },
        "start": {
          "column": 0,
          "line": 16,
        },
      },
      "16": {
        "end": {
          "column": 0,
          "line": 17,
        },
        "start": {
          "column": 0,
          "line": 17,
        },
      },
      "17": {
        "end": {
          "column": 21,
          "line": 18,
        },
        "start": {
          "column": 0,
          "line": 18,
        },
      },
      "18": {
        "end": {
          "column": 1,
          "line": 19,
        },
        "start": {
          "column": 0,
          "line": 19,
        },
      },
      "19": {
        "end": {
          "column": 0,
          "line": 20,
        },
        "start": {
          "column": 0,
          "line": 20,
        },
      },
      "2": {
        "end": {
          "column": 1,
          "line": 3,
        },
        "start": {
          "column": 0,
          "line": 3,
        },
      },
      "20": {
        "end": {
          "column": 23,
          "line": 21,
        },
        "start": {
          "column": 0,
          "line": 21,
        },
      },
      "21": {
        "end": {
          "column": 31,
          "line": 22,
        },
        "start": {
          "column": 0,
          "line": 22,
        },
      },
      "22": {
        "end": {
          "column": 14,
          "line": 23,
        },
        "start": {
          "column": 0,
          "line": 23,
        },
      },
      "23": {
        "end": {
          "column": 1,
          "line": 24,
        },
        "start": {
          "column": 0,
          "line": 24,
        },
      },
      "24": {
        "end": {
          "column": 0,
          "line": 25,
        },
        "start": {
          "column": 0,
          "line": 25,
        },
      },
      "25": {
        "end": {
          "column": 22,
          "line": 26,
        },
        "start": {
          "column": 0,
          "line": 26,
        },
      },
      "26": {
        "end": {
          "column": 39,
          "line": 27,
        },
        "start": {
          "column": 0,
          "line": 27,
        },
      },
      "27": {
        "end": {
          "column": 35,
          "line": 28,
        },
        "start": {
          "column": 0,
          "line": 28,
        },
      },
      "28": {
        "end": {
          "column": 62,
          "line": 29,
        },
        "start": {
          "column": 0,
          "line": 29,
        },
      },
      "29": {
        "end": {
          "column": 1,
          "line": 30,
        },
        "start": {
          "column": 0,
          "line": 30,
        },
      },
      "3": {
        "end": {
          "column": 0,
          "line": 4,
        },
        "start": {
          "column": 0,
          "line": 4,
        },
      },
      "4": {
        "end": {
          "column": 48,
          "line": 5,
        },
        "start": {
          "column": 0,
          "line": 5,
        },
      },
      "5": {
        "end": {
          "column": 14,
          "line": 6,
        },
        "start": {
          "column": 0,
          "line": 6,
        },
      },
      "6": {
        "end": {
          "column": 1,
          "line": 7,
        },
        "start": {
          "column": 0,
          "line": 7,
        },
      },
      "7": {
        "end": {
          "column": 0,
          "line": 8,
        },
        "start": {
          "column": 0,
          "line": 8,
        },
      },
      "8": {
        "end": {
          "column": 46,
          "line": 9,
        },
        "start": {
          "column": 0,
          "line": 9,
        },
      },
      "9": {
        "end": {
          "column": 31,
          "line": 10,
        },
        "start": {
          "column": 0,
          "line": 10,
        },
      },
    },
  },
}
`;
